begin num_active=1
in connect pub=2 pinned=0
choice kind=start session=1 from=1
snap roles=1:P synced=0 tracked=1 inflight=1 started=1 reset=1 publish=0
in disconnect pub=3
snap roles=1:P synced=0 tracked=1 inflight=1 started=- reset=0 publish=0
in disconnect pub=1
snap roles=1:P synced=0 tracked=1 inflight=1 started=- reset=0 publish=0
in connect pub=2 pinned=0
snap roles=1:P synced=0 tracked=1 inflight=1 started=- reset=0 publish=0
in connect pub=1 pinned=0
snap roles=1:P,2:P synced=0 tracked=1 inflight=1 started=- reset=0 publish=0
in outcome session=1 attempt=1 kind=0
choice kind=promote session=2 from=1,2
snap roles=1:P,2:A synced=1 tracked=0 inflight=- started=- reset=0 publish=1
in disconnect pub=3
snap roles=1:P,2:A synced=1 tracked=0 inflight=- started=- reset=0 publish=0
begin num_active=2
in connect pub=1 pinned=0
choice kind=start session=1 from=1
snap roles=1:P synced=0 tracked=1 inflight=1 started=1 reset=1 publish=0
in connect pub=2 pinned=0
snap roles=1:P,2:P synced=0 tracked=1 inflight=1 started=- reset=0 publish=0
in connect pub=1 pinned=0
snap roles=1:P,2:P synced=0 tracked=1 inflight=1 started=- reset=0 publish=0
in connect pub=3 pinned=0
snap roles=1:P,2:P,3:P synced=0 tracked=1 inflight=1 started=- reset=0 publish=0
in disconnect pub=1
choice kind=start session=3 from=2,3
snap roles=2:P,3:P synced=0 tracked=3 inflight=3 started=2 reset=1 publish=0
in connect pub=1 pinned=0
snap roles=2:P,3:P,4:P synced=0 tracked=3 inflight=3 started=- reset=0 publish=0
in outcome session=1 attempt=1 kind=0
snap roles=2:P,3:P,4:P synced=0 tracked=3 inflight=3 started=- reset=0 publish=0
in outcome session=3 attempt=2 kind=0
choice kind=promote session=4 from=2,3,4
choice kind=promote session=3 from=2,3
snap roles=2:P,3:A,4:A synced=1 tracked=0 inflight=- started=- reset=0 publish=1
begin num_active=2
in connect pub=3 pinned=0
choice kind=start session=1 from=1
snap roles=1:P synced=0 tracked=1 inflight=1 started=1 reset=1 publish=0
in disconnect pub=1
snap roles=1:P synced=0 tracked=1 inflight=1 started=- reset=0 publish=0
in disconnect pub=1
snap roles=1:P synced=0 tracked=1 inflight=1 started=- reset=0 publish=0
in disconnect pub=1
snap roles=1:P synced=0 tracked=1 inflight=1 started=- reset=0 publish=0
in connect pub=3 pinned=0
snap roles=1:P synced=0 tracked=1 inflight=1 started=- reset=0 publish=0
in connect pub=3 pinned=0
snap roles=1:P synced=0 tracked=1 inflight=1 started=- reset=0 publish=0
in outcome session=1 attempt=1 kind=0
choice kind=promote session=1 from=1
snap roles=1:A synced=1 tracked=0 inflight=- started=- reset=0 publish=1
begin num_active=1
in disconnect pub=3
snap roles=- synced=0 tracked=0 inflight=- started=- reset=0 publish=0
in disconnect pub=2
snap roles=- synced=0 tracked=0 inflight=- started=- reset=0 publish=0
in connect pub=2 pinned=0
choice kind=start session=1 from=1
snap roles=1:P synced=0 tracked=1 inflight=1 started=1 reset=1 publish=0
in connect pub=1 pinned=0
snap roles=1:P,2:P synced=0 tracked=1 inflight=1 started=- reset=0 publish=0
in disconnect pub=3
snap roles=1:P,2:P synced=0 tracked=1 inflight=1 started=- reset=0 publish=0
in connect pub=3 pinned=0
snap roles=1:P,2:P,3:P synced=0 tracked=1 inflight=1 started=- reset=0 publish=0
in outcome session=1 attempt=1 kind=0
choice kind=promote session=2 from=1,2,3
snap roles=1:P,2:A,3:P synced=1 tracked=0 inflight=- started=- reset=0 publish=1
begin num_active=1
in connect pub=1 pinned=0
choice kind=start session=1 from=1
snap roles=1:P synced=0 tracked=1 inflight=1 started=1 reset=1 publish=0
in connect pub=1 pinned=0
snap roles=1:P synced=0 tracked=1 inflight=1 started=- reset=0 publish=0
in disconnect pub=3
snap roles=1:P synced=0 tracked=1 inflight=1 started=- reset=0 publish=0
in connect pub=3 pinned=0
snap roles=1:P,2:P synced=0 tracked=1 inflight=1 started=- reset=0 publish=0
in connect pub=2 pinned=0
snap roles=1:P,2:P,3:P synced=0 tracked=1 inflight=1 started=- reset=0 publish=0
in connect pub=2 pinned=0
snap roles=1:P,2:P,3:P synced=0 tracked=1 inflight=1 started=- reset=0 publish=0
in outcome session=1 attempt=1 kind=0
choice kind=promote session=3 from=1,2,3
snap roles=1:P,2:P,3:A synced=1 tracked=0 inflight=- started=- reset=0 publish=1
begin num_active=2
in connect pub=1 pinned=0
choice kind=start session=1 from=1
snap roles=1:P synced=0 tracked=1 inflight=1 started=1 reset=1 publish=0
in connect pub=2 pinned=0
snap roles=1:P,2:P synced=0 tracked=1 inflight=1 started=- reset=0 publish=0
in disconnect pub=3
snap roles=1:P,2:P synced=0 tracked=1 inflight=1 started=- reset=0 publish=0
in disconnect pub=1
choice kind=start session=2 from=2
snap roles=2:P synced=0 tracked=2 inflight=2 started=2 reset=1 publish=0
in connect pub=2 pinned=0
snap roles=2:P synced=0 tracked=2 inflight=2 started=- reset=0 publish=0
in connect pub=2 pinned=0
snap roles=2:P synced=0 tracked=2 inflight=2 started=- reset=0 publish=0
in outcome session=1 attempt=1 kind=0
snap roles=2:P synced=0 tracked=2 inflight=2 started=- reset=0 publish=0
in outcome session=2 attempt=2 kind=0
choice kind=promote session=2 from=2
snap roles=2:A synced=1 tracked=0 inflight=- started=- reset=0 publish=1
begin num_active=1
in disconnect pub=3
snap roles=- synced=0 tracked=0 inflight=- started=- reset=0 publish=0
in connect pub=1 pinned=0
choice kind=start session=1 from=1
snap roles=1:P synced=0 tracked=1 inflight=1 started=1 reset=1 publish=0
in disconnect pub=3
snap roles=1:P synced=0 tracked=1 inflight=1 started=- reset=0 publish=0
in connect pub=3 pinned=0
snap roles=1:P,2:P synced=0 tracked=1 inflight=1 started=- reset=0 publish=0
in connect pub=2 pinned=0
snap roles=1:P,2:P,3:P synced=0 tracked=1 inflight=1 started=- reset=0 publish=0
in connect pub=1 pinned=0
snap roles=1:P,2:P,3:P synced=0 tracked=1 inflight=1 started=- reset=0 publish=0
in outcome session=1 attempt=1 kind=0
choice kind=promote session=1 from=1,2,3
snap roles=1:A,2:P,3:P synced=1 tracked=0 inflight=- started=- reset=0 publish=1
begin num_active=1
in connect pub=2 pinned=0
choice kind=start session=1 from=1
snap roles=1:P synced=0 tracked=1 inflight=1 started=1 reset=1 publish=0
in disconnect pub=1
snap roles=1:P synced=0 tracked=1 inflight=1 started=- reset=0 publish=0
in connect pub=3 pinned=0
snap roles=1:P,2:P synced=0 tracked=1 inflight=1 started=- reset=0 publish=0
in connect pub=2 pinned=0
snap roles=1:P,2:P synced=0 tracked=1 inflight=1 started=- reset=0 publish=0
in connect pub=1 pinned=0
snap roles=1:P,2:P,3:P synced=0 tracked=1 inflight=1 started=- reset=0 publish=0
in connect pub=3 pinned=0
snap roles=1:P,2:P,3:P synced=0 tracked=1 inflight=1 started=- reset=0 publish=0
in outcome session=1 attempt=1 kind=0
choice kind=promote session=2 from=1,2,3
snap roles=1:P,2:A,3:P synced=1 tracked=0 inflight=- started=- reset=0 publish=1
begin num_active=2
in connect pub=2 pinned=0
choice kind=start session=1 from=1
snap roles=1:P synced=0 tracked=1 inflight=1 started=1 reset=1 publish=0
in connect pub=2 pinned=0
snap roles=1:P synced=0 tracked=1 inflight=1 started=- reset=0 publish=0
in connect pub=2 pinned=0
snap roles=1:P synced=0 tracked=1 inflight=1 started=- reset=0 publish=0
in disconnect pub=1
snap roles=1:P synced=0 tracked=1 inflight=1 started=- reset=0 publish=0
in disconnect pub=2
snap roles=- synced=0 tracked=0 inflight=- started=- reset=0 publish=0
in connect pub=2 pinned=0
choice kind=start session=2 from=2
snap roles=2:P synced=0 tracked=2 inflight=2 started=2 reset=1 publish=0
in outcome session=1 attempt=1 kind=0
snap roles=2:P synced=0 tracked=2 inflight=2 started=- reset=0 publish=0
in outcome session=2 attempt=2 kind=0
choice kind=promote session=2 from=2
snap roles=2:A synced=1 tracked=0 inflight=- started=- reset=0 publish=1
begin num_active=2
in connect pub=1 pinned=0
choice kind=start session=1 from=1
snap roles=1:P synced=0 tracked=1 inflight=1 started=1 reset=1 publish=0
in disconnect pub=3
snap roles=1:P synced=0 tracked=1 inflight=1 started=- reset=0 publish=0
in disconnect pub=3
snap roles=1:P synced=0 tracked=1 inflight=1 started=- reset=0 publish=0
in connect pub=3 pinned=0
snap roles=1:P,2:P synced=0 tracked=1 inflight=1 started=- reset=0 publish=0
in connect pub=2 pinned=0
snap roles=1:P,2:P,3:P synced=0 tracked=1 inflight=1 started=- reset=0 publish=0
in disconnect pub=3
snap roles=1:P,3:P synced=0 tracked=1 inflight=1 started=- reset=0 publish=0
in outcome session=1 attempt=1 kind=0
choice kind=promote session=3 from=1,3
choice kind=promote session=1 from=1
snap roles=1:A,3:A synced=1 tracked=0 inflight=- started=- reset=0 publish=1
begin num_active=2
in connect pub=3 pinned=0
choice kind=start session=1 from=1
snap roles=1:P synced=0 tracked=1 inflight=1 started=1 reset=1 publish=0
in connect pub=2 pinned=0
snap roles=1:P,2:P synced=0 tracked=1 inflight=1 started=- reset=0 publish=0
in connect pub=3 pinned=0
snap roles=1:P,2:P synced=0 tracked=1 inflight=1 started=- reset=0 publish=0
in disconnect pub=3
choice kind=start session=2 from=2
snap roles=2:P synced=0 tracked=2 inflight=2 started=2 reset=1 publish=0
in connect pub=1 pinned=0
snap roles=2:P,3:P synced=0 tracked=2 inflight=2 started=- reset=0 publish=0
in connect pub=2 pinned=0
snap roles=2:P,3:P synced=0 tracked=2 inflight=2 started=- reset=0 publish=0
in outcome session=1 attempt=1 kind=0
snap roles=2:P,3:P synced=0 tracked=2 inflight=2 started=- reset=0 publish=0
in outcome session=2 attempt=2 kind=0
choice kind=promote session=2 from=2,3
choice kind=promote session=3 from=3
snap roles=2:A,3:A synced=1 tracked=0 inflight=- started=- reset=0 publish=1
begin num_active=2
in disconnect pub=1
snap roles=- synced=0 tracked=0 inflight=- started=- reset=0 publish=0
in connect pub=3 pinned=0
choice kind=start session=1 from=1
snap roles=1:P synced=0 tracked=1 inflight=1 started=1 reset=1 publish=0
in disconnect pub=3
snap roles=- synced=0 tracked=0 inflight=- started=- reset=0 publish=0
in connect pub=1 pinned=0
choice kind=start session=2 from=2
snap roles=2:P synced=0 tracked=2 inflight=2 started=2 reset=1 publish=0
in connect pub=3 pinned=0
snap roles=2:P,3:P synced=0 tracked=2 inflight=2 started=- reset=0 publish=0
in connect pub=1 pinned=0
snap roles=2:P,3:P synced=0 tracked=2 inflight=2 started=- reset=0 publish=0
in outcome session=2 attempt=2 kind=0
choice kind=promote session=2 from=2,3
choice kind=promote session=3 from=3
snap roles=2:A,3:A synced=1 tracked=0 inflight=- started=- reset=0 publish=1
begin num_active=2
in connect pub=1 pinned=0
choice kind=start session=1 from=1
snap roles=1:P synced=0 tracked=1 inflight=1 started=1 reset=1 publish=0
in disconnect pub=3
snap roles=1:P synced=0 tracked=1 inflight=1 started=- reset=0 publish=0
in connect pub=3 pinned=0
snap roles=1:P,2:P synced=0 tracked=1 inflight=1 started=- reset=0 publish=0
in disconnect pub=2
snap roles=1:P,2:P synced=0 tracked=1 inflight=1 started=- reset=0 publish=0
in connect pub=3 pinned=0
snap roles=1:P,2:P synced=0 tracked=1 inflight=1 started=- reset=0 publish=0
in connect pub=2 pinned=0
snap roles=1:P,2:P,3:P synced=0 tracked=1 inflight=1 started=- reset=0 publish=0
in outcome session=1 attempt=1 kind=0
choice kind=promote session=1 from=1,2,3
choice kind=promote session=2 from=2,3
snap roles=1:A,2:A,3:P synced=1 tracked=0 inflight=- started=- reset=0 publish=1
begin num_active=1
in connect pub=1 pinned=0
choice kind=start session=1 from=1
snap roles=1:P synced=0 tracked=1 inflight=1 started=1 reset=1 publish=0
in disconnect pub=1
snap roles=- synced=0 tracked=0 inflight=- started=- reset=0 publish=0
in connect pub=2 pinned=0
choice kind=start session=2 from=2
snap roles=2:P synced=0 tracked=2 inflight=2 started=2 reset=1 publish=0
in connect pub=1 pinned=0
snap roles=2:P,3:P synced=0 tracked=2 inflight=2 started=- reset=0 publish=0
in outcome session=2 attempt=2 kind=0
choice kind=promote session=2 from=2,3
snap roles=2:A,3:P synced=1 tracked=0 inflight=- started=- reset=0 publish=1
in connect pub=1 pinned=0
snap roles=2:A,3:P synced=1 tracked=0 inflight=- started=- reset=0 publish=0
in connect pub=3 pinned=0
snap roles=2:A,3:P,4:P synced=1 tracked=0 inflight=- started=- reset=0 publish=0
begin num_active=1
in disconnect pub=2
snap roles=- synced=0 tracked=0 inflight=- started=- reset=0 publish=0
in connect pub=1 pinned=0
choice kind=start session=1 from=1
snap roles=1:P synced=0 tracked=1 inflight=1 started=1 reset=1 publish=0
in connect pub=3 pinned=0
snap roles=1:P,2:P synced=0 tracked=1 inflight=1 started=- reset=0 publish=0
in connect pub=3 pinned=0
snap roles=1:P,2:P synced=0 tracked=1 inflight=1 started=- reset=0 publish=0
in disconnect pub=3
snap roles=1:P synced=0 tracked=1 inflight=1 started=- reset=0 publish=0
in disconnect pub=2
snap roles=1:P synced=0 tracked=1 inflight=1 started=- reset=0 publish=0
in outcome session=1 attempt=1 kind=0
choice kind=promote session=1 from=1
snap roles=1:A synced=1 tracked=0 inflight=- started=- reset=0 publish=1
begin num_active=1
in disconnect pub=2
snap roles=- synced=0 tracked=0 inflight=- started=- reset=0 publish=0
in disconnect pub=1
snap roles=- synced=0 tracked=0 inflight=- started=- reset=0 publish=0
in connect pub=1 pinned=0
choice kind=start session=1 from=1
snap roles=1:P synced=0 tracked=1 inflight=1 started=1 reset=1 publish=0
in disconnect pub=3
snap roles=1:P synced=0 tracked=1 inflight=1 started=- reset=0 publish=0
in connect pub=1 pinned=0
snap roles=1:P synced=0 tracked=1 inflight=1 started=- reset=0 publish=0
in connect pub=2 pinned=0
snap roles=1:P,2:P synced=0 tracked=1 inflight=1 started=- reset=0 publish=0
in outcome session=1 attempt=1 kind=0
choice kind=promote session=2 from=1,2
snap roles=1:P,2:A synced=1 tracked=0 inflight=- started=- reset=0 publish=1
begin num_active=2
in connect pub=2 pinned=0
choice kind=start session=1 from=1
snap roles=1:P synced=0 tracked=1 inflight=1 started=1 reset=1 publish=0
in disconnect pub=1
snap roles=1:P synced=0 tracked=1 inflight=1 started=- reset=0 publish=0
in connect pub=2 pinned=0
snap roles=1:P synced=0 tracked=1 inflight=1 started=- reset=0 publish=0
in connect pub=2 pinned=0
snap roles=1:P synced=0 tracked=1 inflight=1 started=- reset=0 publish=0
in disconnect pub=3
snap roles=1:P synced=0 tracked=1 inflight=1 started=- reset=0 publish=0
in disconnect pub=2
snap roles=- synced=0 tracked=0 inflight=- started=- reset=0 publish=0
in outcome session=1 attempt=1 kind=0
snap roles=- synced=0 tracked=0 inflight=- started=- reset=0 publish=0
begin num_active=1
in connect pub=3 pinned=0
choice kind=start session=1 from=1
snap roles=1:P synced=0 tracked=1 inflight=1 started=1 reset=1 publish=0
in disconnect pub=1
snap roles=1:P synced=0 tracked=1 inflight=1 started=- reset=0 publish=0
in disconnect pub=3
snap roles=- synced=0 tracked=0 inflight=- started=- reset=0 publish=0
in connect pub=3 pinned=0
choice kind=start session=2 from=2
snap roles=2:P synced=0 tracked=2 inflight=2 started=2 reset=1 publish=0
in connect pub=1 pinned=0
snap roles=2:P,3:P synced=0 tracked=2 inflight=2 started=- reset=0 publish=0
in connect pub=3 pinned=0
snap roles=2:P,3:P synced=0 tracked=2 inflight=2 started=- reset=0 publish=0
in outcome session=1 attempt=1 kind=0
snap roles=2:P,3:P synced=0 tracked=2 inflight=2 started=- reset=0 publish=0
in outcome session=2 attempt=2 kind=0
choice kind=promote session=3 from=2,3
snap roles=2:P,3:A synced=1 tracked=0 inflight=- started=- reset=0 publish=1
begin num_active=2
in connect pub=2 pinned=0
choice kind=start session=1 from=1
snap roles=1:P synced=0 tracked=1 inflight=1 started=1 reset=1 publish=0
in connect pub=3 pinned=0
snap roles=1:P,2:P synced=0 tracked=1 inflight=1 started=- reset=0 publish=0
in disconnect pub=3
snap roles=1:P synced=0 tracked=1 inflight=1 started=- reset=0 publish=0
in connect pub=3 pinned=0
snap roles=1:P,3:P synced=0 tracked=1 inflight=1 started=- reset=0 publish=0
in connect pub=2 pinned=0
snap roles=1:P,3:P synced=0 tracked=1 inflight=1 started=- reset=0 publish=0
in outcome session=1 attempt=1 kind=0
choice kind=promote session=1 from=1,3
choice kind=promote session=3 from=3
snap roles=1:A,3:A synced=1 tracked=0 inflight=- started=- reset=0 publish=1
in connect pub=1 pinned=0
snap roles=1:A,3:A,4:P synced=1 tracked=0 inflight=- started=- reset=0 publish=0
begin num_active=1
in disconnect pub=2
snap roles=- synced=0 tracked=0 inflight=- started=- reset=0 publish=0
in connect pub=2 pinned=0
choice kind=start session=1 from=1
snap roles=1:P synced=0 tracked=1 inflight=1 started=1 reset=1 publish=0
in connect pub=1 pinned=0
snap roles=1:P,2:P synced=0 tracked=1 inflight=1 started=- reset=0 publish=0
in disconnect pub=1
snap roles=1:P synced=0 tracked=1 inflight=1 started=- reset=0 publish=0
in connect pub=1 pinned=0
snap roles=1:P,3:P synced=0 tracked=1 inflight=1 started=- reset=0 publish=0
in connect pub=2 pinned=0
snap roles=1:P,3:P synced=0 tracked=1 inflight=1 started=- reset=0 publish=0
in outcome session=1 attempt=1 kind=0
choice kind=promote session=3 from=1,3
snap roles=1:P,3:A synced=1 tracked=0 inflight=- started=- reset=0 publish=1
begin num_active=2
in connect pub=1 pinned=0
choice kind=start session=1 from=1
snap roles=1:P synced=0 tracked=1 inflight=1 started=1 reset=1 publish=0
in disconnect pub=1
snap roles=- synced=0 tracked=0 inflight=- started=- reset=0 publish=0
in connect pub=3 pinned=0
choice kind=start session=2 from=2
snap roles=2:P synced=0 tracked=2 inflight=2 started=2 reset=1 publish=0
in connect pub=2 pinned=0
snap roles=2:P,3:P synced=0 tracked=2 inflight=2 started=- reset=0 publish=0
in connect pub=2 pinned=0
snap roles=2:P,3:P synced=0 tracked=2 inflight=2 started=- reset=0 publish=0
in connect pub=2 pinned=0
snap roles=2:P,3:P synced=0 tracked=2 inflight=2 started=- reset=0 publish=0
in outcome session=2 attempt=2 kind=0
choice kind=promote session=2 from=2,3
choice kind=promote session=3 from=3
snap roles=2:A,3:A synced=1 tracked=0 inflight=- started=- reset=0 publish=1
begin num_active=1
in connect pub=1 pinned=0
choice kind=start session=1 from=1
snap roles=1:P synced=0 tracked=1 inflight=1 started=1 reset=1 publish=0
in connect pub=3 pinned=0
snap roles=1:P,2:P synced=0 tracked=1 inflight=1 started=- reset=0 publish=0
in disconnect pub=3
snap roles=1:P synced=0 tracked=1 inflight=1 started=- reset=0 publish=0
in disconnect pub=1
snap roles=- synced=0 tracked=0 inflight=- started=- reset=0 publish=0
in disconnect pub=2
snap roles=- synced=0 tracked=0 inflight=- started=- reset=0 publish=0
in connect pub=1 pinned=0
choice kind=start session=3 from=3
snap roles=3:P synced=0 tracked=3 inflight=3 started=2 reset=1 publish=0
in outcome session=1 attempt=1 kind=0
snap roles=3:P synced=0 tracked=3 inflight=3 started=- reset=0 publish=0
in outcome session=3 attempt=2 kind=0
choice kind=promote session=3 from=3
snap roles=3:A synced=1 tracked=0 inflight=- started=- reset=0 publish=1
begin num_active=2
in connect pub=2 pinned=0
choice kind=start session=1 from=1
snap roles=1:P synced=0 tracked=1 inflight=1 started=1 reset=1 publish=0
in disconnect pub=1
snap roles=1:P synced=0 tracked=1 inflight=1 started=- reset=0 publish=0
in disconnect pub=1
snap roles=1:P synced=0 tracked=1 inflight=1 started=- reset=0 publish=0
in disconnect pub=1
snap roles=1:P synced=0 tracked=1 inflight=1 started=- reset=0 publish=0
in disconnect pub=1
snap roles=1:P synced=0 tracked=1 inflight=1 started=- reset=0 publish=0
in disconnect pub=2
snap roles=- synced=0 tracked=0 inflight=- started=- reset=0 publish=0
begin num_active=2
in connect pub=3 pinned=0
choice kind=start session=1 from=1
snap roles=1:P synced=0 tracked=1 inflight=1 started=1 reset=1 publish=0
in disconnect pub=3
snap roles=- synced=0 tracked=0 inflight=- started=- reset=0 publish=0
in connect pub=1 pinned=0
choice kind=start session=2 from=2
snap roles=2:P synced=0 tracked=2 inflight=2 started=2 reset=1 publish=0
in connect pub=3 pinned=0
snap roles=2:P,3:P synced=0 tracked=2 inflight=2 started=- reset=0 publish=0
in disconnect pub=3
snap roles=2:P synced=0 tracked=2 inflight=2 started=- reset=0 publish=0
in connect pub=2 pinned=0
snap roles=2:P,4:P synced=0 tracked=2 inflight=2 started=- reset=0 publish=0
in outcome session=2 attempt=2 kind=0
choice kind=promote session=4 from=2,4
choice kind=promote session=2 from=2
snap roles=2:A,4:A synced=1 tracked=0 inflight=- started=- reset=0 publish=1
begin num_active=2
in connect pub=3 pinned=0
choice kind=start session=1 from=1
snap roles=1:P synced=0 tracked=1 inflight=1 started=1 reset=1 publish=0
in disconnect pub=2
snap roles=1:P synced=0 tracked=1 inflight=1 started=- reset=0 publish=0
in connect pub=3 pinned=0
snap roles=1:P synced=0 tracked=1 inflight=1 started=- reset=0 publish=0
in disconnect pub=1
snap roles=1:P synced=0 tracked=1 inflight=1 started=- reset=0 publish=0
in connect pub=2 pinned=0
snap roles=1:P,2:P synced=0 tracked=1 inflight=1 started=- reset=0 publish=0
in disconnect pub=2
snap roles=1:P synced=0 tracked=1 inflight=1 started=- reset=0 publish=0
in outcome session=1 attempt=1 kind=0
choice kind=promote session=1 from=1
snap roles=1:A synced=1 tracked=0 inflight=- started=- reset=0 publish=1
begin num_active=2
in connect pub=3 pinned=0
choice kind=start session=1 from=1
snap roles=1:P synced=0 tracked=1 inflight=1 started=1 reset=1 publish=0
in connect pub=2 pinned=0
snap roles=1:P,2:P synced=0 tracked=1 inflight=1 started=- reset=0 publish=0
in connect pub=1 pinned=0
snap roles=1:P,2:P,3:P synced=0 tracked=1 inflight=1 started=- reset=0 publish=0
in connect pub=2 pinned=0
snap roles=1:P,2:P,3:P synced=0 tracked=1 inflight=1 started=- reset=0 publish=0
in outcome session=1 attempt=1 kind=0
choice kind=promote session=2 from=1,2,3
choice kind=promote session=3 from=1,3
snap roles=1:P,2:A,3:A synced=1 tracked=0 inflight=- started=- reset=0 publish=1
in connect pub=1 pinned=0
snap roles=1:P,2:A,3:A synced=1 tracked=0 inflight=- started=- reset=0 publish=0
in disconnect pub=1
choice kind=promote session=1 from=1
snap roles=1:A,2:A synced=1 tracked=0 inflight=- started=- reset=0 publish=0
begin num_active=1
in connect pub=3 pinned=0
choice kind=start session=1 from=1
snap roles=1:P synced=0 tracked=1 inflight=1 started=1 reset=1 publish=0
in connect pub=2 pinned=0
snap roles=1:P,2:P synced=0 tracked=1 inflight=1 started=- reset=0 publish=0
in connect pub=3 pinned=0
snap roles=1:P,2:P synced=0 tracked=1 inflight=1 started=- reset=0 publish=0
in outcome session=1 attempt=1 kind=0
choice kind=promote session=2 from=1,2
snap roles=1:P,2:A synced=1 tracked=0 inflight=- started=- reset=0 publish=1
in connect pub=1 pinned=0
snap roles=1:P,2:A,3:P synced=1 tracked=0 inflight=- started=- reset=0 publish=0
in disconnect pub=3
snap roles=2:A,3:P synced=1 tracked=0 inflight=- started=- reset=0 publish=0
in disconnect pub=1
snap roles=2:A synced=1 tracked=0 inflight=- started=- reset=0 publish=0
begin num_active=1
in connect pub=2 pinned=0
choice kind=start session=1 from=1
snap roles=1:P synced=0 tracked=1 inflight=1 started=1 reset=1 publish=0
in connect pub=2 pinned=0
snap roles=1:P synced=0 tracked=1 inflight=1 started=- reset=0 publish=0
in connect pub=2 pinned=0
snap roles=1:P synced=0 tracked=1 inflight=1 started=- reset=0 publish=0
in disconnect pub=2
snap roles=- synced=0 tracked=0 inflight=- started=- reset=0 publish=0
in disconnect pub=2
snap roles=- synced=0 tracked=0 inflight=- started=- reset=0 publish=0
in disconnect pub=2
snap roles=- synced=0 tracked=0 inflight=- started=- reset=0 publish=0
begin num_active=2
in connect pub=3 pinned=0
choice kind=start session=1 from=1
snap roles=1:P synced=0 tracked=1 inflight=1 started=1 reset=1 publish=0
in connect pub=3 pinned=0
snap roles=1:P synced=0 tracked=1 inflight=1 started=- reset=0 publish=0
in disconnect pub=3
snap roles=- synced=0 tracked=0 inflight=- started=- reset=0 publish=0
in disconnect pub=1
snap roles=- synced=0 tracked=0 inflight=- started=- reset=0 publish=0
in disconnect pub=1
snap roles=- synced=0 tracked=0 inflight=- started=- reset=0 publish=0
in connect pub=1 pinned=0
choice kind=start session=2 from=2
snap roles=2:P synced=0 tracked=2 inflight=2 started=2 reset=1 publish=0
in outcome session=2 attempt=2 kind=0
choice kind=promote session=2 from=2
snap roles=2:A synced=1 tracked=0 inflight=- started=- reset=0 publish=1
begin num_active=2
in connect pub=1 pinned=0
choice kind=start session=1 from=1
snap roles=1:P synced=0 tracked=1 inflight=1 started=1 reset=1 publish=0
in connect pub=1 pinned=0
snap roles=1:P synced=0 tracked=1 inflight=1 started=- reset=0 publish=0
in connect pub=1 pinned=0
snap roles=1:P synced=0 tracked=1 inflight=1 started=- reset=0 publish=0
in connect pub=1 pinned=0
snap roles=1:P synced=0 tracked=1 inflight=1 started=- reset=0 publish=0
in disconnect pub=2
snap roles=1:P synced=0 tracked=1 inflight=1 started=- reset=0 publish=0
in disconnect pub=1
snap roles=- synced=0 tracked=0 inflight=- started=- reset=0 publish=0
begin num_active=1
in connect pub=2 pinned=0
choice kind=start session=1 from=1
snap roles=1:P synced=0 tracked=1 inflight=1 started=1 reset=1 publish=0
in connect pub=3 pinned=0
snap roles=1:P,2:P synced=0 tracked=1 inflight=1 started=- reset=0 publish=0
in connect pub=3 pinned=0
snap roles=1:P,2:P synced=0 tracked=1 inflight=1 started=- reset=0 publish=0
in connect pub=3 pinned=0
snap roles=1:P,2:P synced=0 tracked=1 inflight=1 started=- reset=0 publish=0
in connect pub=1 pinned=0
snap roles=1:P,2:P,3:P synced=0 tracked=1 inflight=1 started=- reset=0 publish=0
in connect pub=1 pinned=0
snap roles=1:P,2:P,3:P synced=0 tracked=1 inflight=1 started=- reset=0 publish=0
in outcome session=1 attempt=1 kind=0
choice kind=promote session=2 from=1,2,3
snap roles=1:P,2:A,3:P synced=1 tracked=0 inflight=- started=- reset=0 publish=1
begin num_active=1
in connect pub=2 pinned=0
choice kind=start session=1 from=1
snap roles=1:P synced=0 tracked=1 inflight=1 started=1 reset=1 publish=0
in disconnect pub=1
snap roles=1:P synced=0 tracked=1 inflight=1 started=- reset=0 publish=0
in disconnect pub=3
snap roles=1:P synced=0 tracked=1 inflight=1 started=- reset=0 publish=0
in connect pub=3 pinned=0
snap roles=1:P,2:P synced=0 tracked=1 inflight=1 started=- reset=0 publish=0
in connect pub=3 pinned=0
snap roles=1:P,2:P synced=0 tracked=1 inflight=1 started=- reset=0 publish=0
in disconnect pub=3
snap roles=1:P synced=0 tracked=1 inflight=1 started=- reset=0 publish=0
in outcome session=1 attempt=1 kind=0
choice kind=promote session=1 from=1
snap roles=1:A synced=1 tracked=0 inflight=- started=- reset=0 publish=1
begin num_active=2
in disconnect pub=2
snap roles=- synced=0 tracked=0 inflight=- started=- reset=0 publish=0
in connect pub=2 pinned=0
choice kind=start session=1 from=1
snap roles=1:P synced=0 tracked=1 inflight=1 started=1 reset=1 publish=0
in connect pub=1 pinned=0
snap roles=1:P,2:P synced=0 tracked=1 inflight=1 started=- reset=0 publish=0
in connect pub=3 pinned=0
snap roles=1:P,2:P,3:P synced=0 tracked=1 inflight=1 started=- reset=0 publish=0
in disconnect pub=2
choice kind=start session=3 from=2,3
snap roles=2:P,3:P synced=0 tracked=3 inflight=3 started=2 reset=1 publish=0
in connect pub=3 pinned=0
snap roles=2:P,3:P synced=0 tracked=3 inflight=3 started=- reset=0 publish=0
in outcome session=1 attempt=1 kind=0
snap roles=2:P,3:P synced=0 tracked=3 inflight=3 started=- reset=0 publish=0
in outcome session=3 attempt=2 kind=0
choice kind=promote session=2 from=2,3
choice kind=promote session=3 from=3
snap roles=2:A,3:A synced=1 tracked=0 inflight=- started=- reset=0 publish=1
begin num_active=2
in disconnect pub=2
snap roles=- synced=0 tracked=0 inflight=- started=- reset=0 publish=0
in connect pub=2 pinned=0
choice kind=start session=1 from=1
snap roles=1:P synced=0 tracked=1 inflight=1 started=1 reset=1 publish=0
in connect pub=2 pinned=0
snap roles=1:P synced=0 tracked=1 inflight=1 started=- reset=0 publish=0
in disconnect pub=3
snap roles=1:P synced=0 tracked=1 inflight=1 started=- reset=0 publish=0
in connect pub=2 pinned=0
snap roles=1:P synced=0 tracked=1 inflight=1 started=- reset=0 publish=0
in connect pub=3 pinned=0
snap roles=1:P,2:P synced=0 tracked=1 inflight=1 started=- reset=0 publish=0
in outcome session=1 attempt=1 kind=0
choice kind=promote session=2 from=1,2
choice kind=promote session=1 from=1
snap roles=1:A,2:A synced=1 tracked=0 inflight=- started=- reset=0 publish=1
begin num_active=1
in connect pub=1 pinned=0
choice kind=start session=1 from=1
snap roles=1:P synced=0 tracked=1 inflight=1 started=1 reset=1 publish=0
in disconnect pub=2
snap roles=1:P synced=0 tracked=1 inflight=1 started=- reset=0 publish=0
in connect pub=3 pinned=0
snap roles=1:P,2:P synced=0 tracked=1 inflight=1 started=- reset=0 publish=0
in connect pub=2 pinned=0
snap roles=1:P,2:P,3:P synced=0 tracked=1 inflight=1 started=- reset=0 publish=0
in disconnect pub=1
choice kind=start session=3 from=2,3
snap roles=2:P,3:P synced=0 tracked=3 inflight=3 started=2 reset=1 publish=0
in disconnect pub=2
choice kind=start session=2 from=2
snap roles=2:P synced=0 tracked=2 inflight=2 started=3 reset=1 publish=0
in outcome session=1 attempt=1 kind=0
snap roles=2:P synced=0 tracked=2 inflight=2 started=- reset=0 publish=0
in outcome session=2 attempt=3 kind=0
choice kind=promote session=2 from=2
snap roles=2:A synced=1 tracked=0 inflight=- started=- reset=0 publish=1
begin num_active=1
in disconnect pub=1
snap roles=- synced=0 tracked=0 inflight=- started=- reset=0 publish=0
in connect pub=1 pinned=0
choice kind=start session=1 from=1
snap roles=1:P synced=0 tracked=1 inflight=1 started=1 reset=1 publish=0
in connect pub=2 pinned=0
snap roles=1:P,2:P synced=0 tracked=1 inflight=1 started=- reset=0 publish=0
in connect pub=2 pinned=0
snap roles=1:P,2:P synced=0 tracked=1 inflight=1 started=- reset=0 publish=0
in connect pub=3 pinned=0
snap roles=1:P,2:P,3:P synced=0 tracked=1 inflight=1 started=- reset=0 publish=0
in connect pub=2 pinned=0
snap roles=1:P,2:P,3:P synced=0 tracked=1 inflight=1 started=- reset=0 publish=0
in outcome session=1 attempt=1 kind=0
choice kind=promote session=3 from=1,2,3
snap roles=1:P,2:P,3:A synced=1 tracked=0 inflight=- started=- reset=0 publish=1
begin num_active=2
in connect pub=3 pinned=0
choice kind=start session=1 from=1
snap roles=1:P synced=0 tracked=1 inflight=1 started=1 reset=1 publish=0
in disconnect pub=3
snap roles=- synced=0 tracked=0 inflight=- started=- reset=0 publish=0
in connect pub=3 pinned=0
choice kind=start session=2 from=2
snap roles=2:P synced=0 tracked=2 inflight=2 started=2 reset=1 publish=0
in connect pub=1 pinned=0
snap roles=2:P,3:P synced=0 tracked=2 inflight=2 started=- reset=0 publish=0
in connect pub=2 pinned=0
snap roles=2:P,3:P,4:P synced=0 tracked=2 inflight=2 started=- reset=0 publish=0
in disconnect pub=1
snap roles=2:P,4:P synced=0 tracked=2 inflight=2 started=- reset=0 publish=0
in outcome session=2 attempt=2 kind=0
choice kind=promote session=2 from=2,4
choice kind=promote session=4 from=4
snap roles=2:A,4:A synced=1 tracked=0 inflight=- started=- reset=0 publish=1
begin num_active=1
in connect pub=1 pinned=0
choice kind=start session=1 from=1
snap roles=1:P synced=0 tracked=1 inflight=1 started=1 reset=1 publish=0
in connect pub=1 pinned=0
snap roles=1:P synced=0 tracked=1 inflight=1 started=- reset=0 publish=0
in connect pub=2 pinned=0
snap roles=1:P,2:P synced=0 tracked=1 inflight=1 started=- reset=0 publish=0
in connect pub=3 pinned=0
snap roles=1:P,2:P,3:P synced=0 tracked=1 inflight=1 started=- reset=0 publish=0
in outcome session=1 attempt=1 kind=0
choice kind=promote session=3 from=1,2,3
snap roles=1:P,2:P,3:A synced=1 tracked=0 inflight=- started=- reset=0 publish=1
in connect pub=3 pinned=0
snap roles=1:P,2:P,3:A synced=1 tracked=0 inflight=- started=- reset=0 publish=0
in disconnect pub=2
snap roles=1:P,3:A synced=1 tracked=0 inflight=- started=- reset=0 publish=0
begin num_active=2
in connect pub=2 pinned=0
choice kind=start session=1 from=1
snap roles=1:P synced=0 tracked=1 inflight=1 started=1 reset=1 publish=0
in connect pub=2 pinned=0
snap roles=1:P synced=0 tracked=1 inflight=1 started=- reset=0 publish=0
in disconnect pub=2
snap roles=- synced=0 tracked=0 inflight=- started=- reset=0 publish=0
in connect pub=3 pinned=0
choice kind=start session=2 from=2
snap roles=2:P synced=0 tracked=2 inflight=2 started=2 reset=1 publish=0
in disconnect pub=2
snap roles=2:P synced=0 tracked=2 inflight=2 started=- reset=0 publish=0
in connect pub=2 pinned=0
snap roles=2:P,3:P synced=0 tracked=2 inflight=2 started=- reset=0 publish=0
in outcome session=1 attempt=1 kind=0
snap roles=2:P,3:P synced=0 tracked=2 inflight=2 started=- reset=0 publish=0
in outcome session=2 attempt=2 kind=0
choice kind=promote session=3 from=2,3
choice kind=promote session=2 from=2
snap roles=2:A,3:A synced=1 tracked=0 inflight=- started=- reset=0 publish=1
begin num_active=2
in disconnect pub=3
snap roles=- synced=0 tracked=0 inflight=- started=- reset=0 publish=0
in connect pub=2 pinned=0
choice kind=start session=1 from=1
snap roles=1:P synced=0 tracked=1 inflight=1 started=1 reset=1 publish=0
in connect pub=3 pinned=0
snap roles=1:P,2:P synced=0 tracked=1 inflight=1 started=- reset=0 publish=0
in disconnect pub=3
snap roles=1:P synced=0 tracked=1 inflight=1 started=- reset=0 publish=0
in connect pub=1 pinned=0
snap roles=1:P,3:P synced=0 tracked=1 inflight=1 started=- reset=0 publish=0
in connect pub=1 pinned=0
snap roles=1:P,3:P synced=0 tracked=1 inflight=1 started=- reset=0 publish=0
in outcome session=1 attempt=1 kind=0
choice kind=promote session=1 from=1,3
choice kind=promote session=3 from=3
snap roles=1:A,3:A synced=1 tracked=0 inflight=- started=- reset=0 publish=1
