begin num_active=0
in connect pub=1 pinned=1
force kind=start session=1
snap roles=1:X synced=0 tracked=0 inflight=1 started=1 reset=0 publish=0
in connect pub=2 pinned=1
force kind=start session=2
snap roles=1:X,2:X synced=0 tracked=0 inflight=1,2 started=2 reset=0 publish=0
in outcome session=1 attempt=1 kind=0
snap roles=1:X,2:X synced=1 tracked=0 inflight=2 started=- reset=0 publish=1
in outcome session=2 attempt=2 kind=2
snap roles=1:X,2:X synced=1 tracked=0 inflight=- started=- reset=0 publish=0
begin num_active=0
in connect pub=1 pinned=1
force kind=start session=1
snap roles=1:X synced=0 tracked=0 inflight=1 started=1 reset=0 publish=0
in connect pub=2 pinned=1
force kind=start session=2
snap roles=1:X,2:X synced=0 tracked=0 inflight=1,2 started=2 reset=0 publish=0
in outcome session=1 attempt=1 kind=1
snap roles=1:X,2:X synced=0 tracked=0 inflight=2 started=- reset=0 publish=0
in outcome session=2 attempt=2 kind=2
snap roles=1:X,2:X synced=0 tracked=0 inflight=- started=- reset=0 publish=0
in hist_tick
force kind=start session=1
force kind=start session=2
snap roles=1:X,2:X synced=0 tracked=0 inflight=1,2 started=3,4 reset=0 publish=0
in outcome session=2 attempt=4 kind=0
snap roles=1:X,2:X synced=1 tracked=0 inflight=1 started=- reset=0 publish=1
in outcome session=1 attempt=3 kind=0
snap roles=1:X,2:X synced=1 tracked=0 inflight=- started=- reset=0 publish=0
begin num_active=0
in connect pub=1 pinned=1
force kind=start session=1
snap roles=1:X synced=0 tracked=0 inflight=1 started=1 reset=0 publish=0
in connect pub=2 pinned=1
force kind=start session=2
snap roles=1:X,2:X synced=0 tracked=0 inflight=1,2 started=2 reset=0 publish=0
in outcome session=2 attempt=2 kind=1
snap roles=1:X,2:X synced=0 tracked=0 inflight=1 started=- reset=0 publish=0
in outcome session=1 attempt=1 kind=1
snap roles=1:X,2:X synced=0 tracked=0 inflight=- started=- reset=0 publish=0
in hist_tick
force kind=start session=1
force kind=start session=2
snap roles=1:X,2:X synced=0 tracked=0 inflight=1,2 started=3,4 reset=0 publish=0
in outcome session=1 attempt=3 kind=0
snap roles=1:X,2:X synced=1 tracked=0 inflight=2 started=- reset=0 publish=1
in outcome session=2 attempt=4 kind=0
snap roles=1:X,2:X synced=1 tracked=0 inflight=- started=- reset=0 publish=0
begin num_active=1
in connect pub=1 pinned=1
force kind=start session=1
snap roles=1:X synced=0 tracked=0 inflight=1 started=1 reset=0 publish=0
in outcome session=1 attempt=1 kind=0
snap roles=1:X synced=1 tracked=0 inflight=- started=- reset=0 publish=1
begin num_active=0
in connect pub=1 pinned=1
force kind=start session=1
snap roles=1:X synced=0 tracked=0 inflight=1 started=1 reset=0 publish=0
in connect pub=2 pinned=1
force kind=start session=2
snap roles=1:X,2:X synced=0 tracked=0 inflight=1,2 started=2 reset=0 publish=0
in outcome session=1 attempt=1 kind=0
snap roles=1:X,2:X synced=1 tracked=0 inflight=2 started=- reset=0 publish=1
in outcome session=2 attempt=2 kind=0
snap roles=1:X,2:X synced=1 tracked=0 inflight=- started=- reset=0 publish=0
begin num_active=0
in connect pub=1 pinned=1
force kind=start session=1
snap roles=1:X synced=0 tracked=0 inflight=1 started=1 reset=0 publish=0
in outcome session=1 attempt=1 kind=0
snap roles=1:X synced=1 tracked=0 inflight=- started=- reset=0 publish=1
begin num_active=0
in connect pub=1 pinned=1
force kind=start session=1
snap roles=1:X synced=0 tracked=0 inflight=1 started=1 reset=0 publish=0
in outcome session=1 attempt=1 kind=1
snap roles=1:X synced=0 tracked=0 inflight=- started=- reset=0 publish=0
in hist_tick
force kind=start session=1
snap roles=1:X synced=0 tracked=0 inflight=1 started=2 reset=0 publish=0
in outcome session=1 attempt=2 kind=0
snap roles=1:X synced=1 tracked=0 inflight=- started=- reset=0 publish=1
begin num_active=0
in connect pub=1 pinned=1
force kind=start session=1
snap roles=1:X synced=0 tracked=0 inflight=1 started=1 reset=0 publish=0
in outcome session=1 attempt=1 kind=2
snap roles=1:X synced=0 tracked=0 inflight=- started=- reset=0 publish=0
in hist_tick
force kind=start session=1
snap roles=1:X synced=0 tracked=0 inflight=1 started=2 reset=0 publish=0
in outcome session=1 attempt=2 kind=0
snap roles=1:X synced=1 tracked=0 inflight=- started=- reset=0 publish=1
begin num_active=0
in connect pub=1 pinned=1
force kind=start session=1
snap roles=1:X synced=0 tracked=0 inflight=1 started=1 reset=0 publish=0
in outcome session=1 attempt=1 kind=2
snap roles=1:X synced=0 tracked=0 inflight=- started=- reset=0 publish=0
in hist_tick
force kind=start session=1
snap roles=1:X synced=0 tracked=0 inflight=1 started=2 reset=0 publish=0
in outcome session=1 attempt=2 kind=0
snap roles=1:X synced=1 tracked=0 inflight=- started=- reset=0 publish=1
begin num_active=0
in connect pub=1 pinned=1
force kind=start session=1
snap roles=1:X synced=0 tracked=0 inflight=1 started=1 reset=0 publish=0
in outcome session=1 attempt=1 kind=1
snap roles=1:X synced=0 tracked=0 inflight=- started=- reset=0 publish=0
in hist_tick
force kind=start session=1
snap roles=1:X synced=0 tracked=0 inflight=1 started=2 reset=0 publish=0
in outcome session=1 attempt=2 kind=0
snap roles=1:X synced=1 tracked=0 inflight=- started=- reset=0 publish=1
begin num_active=1
in connect pub=1 pinned=1
force kind=start session=1
snap roles=1:X synced=0 tracked=0 inflight=1 started=1 reset=0 publish=0
in connect pub=2 pinned=1
force kind=start session=2
snap roles=1:X,2:X synced=0 tracked=0 inflight=1,2 started=2 reset=0 publish=0
in outcome session=1 attempt=1 kind=0
snap roles=1:X,2:X synced=1 tracked=0 inflight=2 started=- reset=0 publish=1
in outcome session=2 attempt=2 kind=1
snap roles=1:X,2:X synced=1 tracked=0 inflight=- started=- reset=0 publish=0
begin num_active=0
in connect pub=1 pinned=1
force kind=start session=1
snap roles=1:X synced=0 tracked=0 inflight=1 started=1 reset=0 publish=0
in outcome session=1 attempt=1 kind=2
snap roles=1:X synced=0 tracked=0 inflight=- started=- reset=0 publish=0
in hist_tick
force kind=start session=1
snap roles=1:X synced=0 tracked=0 inflight=1 started=2 reset=0 publish=0
in outcome session=1 attempt=2 kind=0
snap roles=1:X synced=1 tracked=0 inflight=- started=- reset=0 publish=1
begin num_active=1
in connect pub=1 pinned=1
force kind=start session=1
snap roles=1:X synced=0 tracked=0 inflight=1 started=1 reset=0 publish=0
in connect pub=2 pinned=1
force kind=start session=2
snap roles=1:X,2:X synced=0 tracked=0 inflight=1,2 started=2 reset=0 publish=0
in outcome session=1 attempt=1 kind=2
snap roles=1:X,2:X synced=0 tracked=0 inflight=2 started=- reset=0 publish=0
in outcome session=2 attempt=2 kind=2
snap roles=1:X,2:X synced=0 tracked=0 inflight=- started=- reset=0 publish=0
in hist_tick
force kind=start session=1
force kind=start session=2
snap roles=1:X,2:X synced=0 tracked=0 inflight=1,2 started=3,4 reset=0 publish=0
in outcome session=1 attempt=3 kind=0
snap roles=1:X,2:X synced=1 tracked=0 inflight=2 started=- reset=0 publish=1
in outcome session=2 attempt=4 kind=0
snap roles=1:X,2:X synced=1 tracked=0 inflight=- started=- reset=0 publish=0
begin num_active=1
in connect pub=1 pinned=1
force kind=start session=1
snap roles=1:X synced=0 tracked=0 inflight=1 started=1 reset=0 publish=0
in connect pub=2 pinned=1
force kind=start session=2
snap roles=1:X,2:X synced=0 tracked=0 inflight=1,2 started=2 reset=0 publish=0
in outcome session=1 attempt=1 kind=0
snap roles=1:X,2:X synced=1 tracked=0 inflight=2 started=- reset=0 publish=1
in outcome session=2 attempt=2 kind=0
snap roles=1:X,2:X synced=1 tracked=0 inflight=- started=- reset=0 publish=0
begin num_active=1
in connect pub=1 pinned=1
force kind=start session=1
snap roles=1:X synced=0 tracked=0 inflight=1 started=1 reset=0 publish=0
in connect pub=2 pinned=1
force kind=start session=2
snap roles=1:X,2:X synced=0 tracked=0 inflight=1,2 started=2 reset=0 publish=0
in outcome session=1 attempt=1 kind=0
snap roles=1:X,2:X synced=1 tracked=0 inflight=2 started=- reset=0 publish=1
in outcome session=2 attempt=2 kind=2
snap roles=1:X,2:X synced=1 tracked=0 inflight=- started=- reset=0 publish=0
begin num_active=0
in connect pub=1 pinned=1
force kind=start session=1
snap roles=1:X synced=0 tracked=0 inflight=1 started=1 reset=0 publish=0
in outcome session=1 attempt=1 kind=1
snap roles=1:X synced=0 tracked=0 inflight=- started=- reset=0 publish=0
in hist_tick
force kind=start session=1
snap roles=1:X synced=0 tracked=0 inflight=1 started=2 reset=0 publish=0
in outcome session=1 attempt=2 kind=0
snap roles=1:X synced=1 tracked=0 inflight=- started=- reset=0 publish=1
begin num_active=1
in connect pub=1 pinned=1
force kind=start session=1
snap roles=1:X synced=0 tracked=0 inflight=1 started=1 reset=0 publish=0
in connect pub=2 pinned=1
force kind=start session=2
snap roles=1:X,2:X synced=0 tracked=0 inflight=1,2 started=2 reset=0 publish=0
in outcome session=1 attempt=1 kind=1
snap roles=1:X,2:X synced=0 tracked=0 inflight=2 started=- reset=0 publish=0
in outcome session=2 attempt=2 kind=2
snap roles=1:X,2:X synced=0 tracked=0 inflight=- started=- reset=0 publish=0
in hist_tick
force kind=start session=1
force kind=start session=2
snap roles=1:X,2:X synced=0 tracked=0 inflight=1,2 started=3,4 reset=0 publish=0
in outcome session=1 attempt=3 kind=0
snap roles=1:X,2:X synced=1 tracked=0 inflight=2 started=- reset=0 publish=1
in outcome session=2 attempt=4 kind=0
snap roles=1:X,2:X synced=1 tracked=0 inflight=- started=- reset=0 publish=0
begin num_active=1
in connect pub=1 pinned=1
force kind=start session=1
snap roles=1:X synced=0 tracked=0 inflight=1 started=1 reset=0 publish=0
in connect pub=2 pinned=1
force kind=start session=2
snap roles=1:X,2:X synced=0 tracked=0 inflight=1,2 started=2 reset=0 publish=0
in outcome session=1 attempt=1 kind=2
snap roles=1:X,2:X synced=0 tracked=0 inflight=2 started=- reset=0 publish=0
in outcome session=2 attempt=2 kind=2
snap roles=1:X,2:X synced=0 tracked=0 inflight=- started=- reset=0 publish=0
in hist_tick
force kind=start session=1
force kind=start session=2
snap roles=1:X,2:X synced=0 tracked=0 inflight=1,2 started=3,4 reset=0 publish=0
in outcome session=1 attempt=3 kind=0
snap roles=1:X,2:X synced=1 tracked=0 inflight=2 started=- reset=0 publish=1
in outcome session=2 attempt=4 kind=0
snap roles=1:X,2:X synced=1 tracked=0 inflight=- started=- reset=0 publish=0
begin num_active=1
in connect pub=1 pinned=1
force kind=start session=1
snap roles=1:X synced=0 tracked=0 inflight=1 started=1 reset=0 publish=0
in outcome session=1 attempt=1 kind=1
snap roles=1:X synced=0 tracked=0 inflight=- started=- reset=0 publish=0
in hist_tick
force kind=start session=1
snap roles=1:X synced=0 tracked=0 inflight=1 started=2 reset=0 publish=0
in outcome session=1 attempt=2 kind=0
snap roles=1:X synced=1 tracked=0 inflight=- started=- reset=0 publish=1
begin num_active=1
in connect pub=1 pinned=1
force kind=start session=1
snap roles=1:X synced=0 tracked=0 inflight=1 started=1 reset=0 publish=0
in outcome session=1 attempt=1 kind=0
snap roles=1:X synced=1 tracked=0 inflight=- started=- reset=0 publish=1
begin num_active=0
in connect pub=1 pinned=1
force kind=start session=1
snap roles=1:X synced=0 tracked=0 inflight=1 started=1 reset=0 publish=0
in connect pub=2 pinned=1
force kind=start session=2
snap roles=1:X,2:X synced=0 tracked=0 inflight=1,2 started=2 reset=0 publish=0
in outcome session=1 attempt=1 kind=1
snap roles=1:X,2:X synced=0 tracked=0 inflight=2 started=- reset=0 publish=0
in outcome session=2 attempt=2 kind=2
snap roles=1:X,2:X synced=0 tracked=0 inflight=- started=- reset=0 publish=0
in hist_tick
force kind=start session=1
force kind=start session=2
snap roles=1:X,2:X synced=0 tracked=0 inflight=1,2 started=3,4 reset=0 publish=0
in outcome session=1 attempt=3 kind=0
snap roles=1:X,2:X synced=1 tracked=0 inflight=2 started=- reset=0 publish=1
in outcome session=2 attempt=4 kind=0
snap roles=1:X,2:X synced=1 tracked=0 inflight=- started=- reset=0 publish=0
begin num_active=1
in connect pub=1 pinned=1
force kind=start session=1
snap roles=1:X synced=0 tracked=0 inflight=1 started=1 reset=0 publish=0
in outcome session=1 attempt=1 kind=2
snap roles=1:X synced=0 tracked=0 inflight=- started=- reset=0 publish=0
in hist_tick
force kind=start session=1
snap roles=1:X synced=0 tracked=0 inflight=1 started=2 reset=0 publish=0
in outcome session=1 attempt=2 kind=0
snap roles=1:X synced=1 tracked=0 inflight=- started=- reset=0 publish=1
begin num_active=0
in connect pub=1 pinned=1
force kind=start session=1
snap roles=1:X synced=0 tracked=0 inflight=1 started=1 reset=0 publish=0
in connect pub=2 pinned=1
force kind=start session=2
snap roles=1:X,2:X synced=0 tracked=0 inflight=1,2 started=2 reset=0 publish=0
in outcome session=1 attempt=1 kind=2
snap roles=1:X,2:X synced=0 tracked=0 inflight=2 started=- reset=0 publish=0
in outcome session=2 attempt=2 kind=0
snap roles=1:X,2:X synced=1 tracked=0 inflight=- started=- reset=0 publish=1
begin num_active=0
in connect pub=1 pinned=1
force kind=start session=1
snap roles=1:X synced=0 tracked=0 inflight=1 started=1 reset=0 publish=0
in outcome session=1 attempt=1 kind=0
snap roles=1:X synced=1 tracked=0 inflight=- started=- reset=0 publish=1
begin num_active=1
in connect pub=1 pinned=1
force kind=start session=1
snap roles=1:X synced=0 tracked=0 inflight=1 started=1 reset=0 publish=0
in outcome session=1 attempt=1 kind=2
snap roles=1:X synced=0 tracked=0 inflight=- started=- reset=0 publish=0
in hist_tick
force kind=start session=1
snap roles=1:X synced=0 tracked=0 inflight=1 started=2 reset=0 publish=0
in outcome session=1 attempt=2 kind=0
snap roles=1:X synced=1 tracked=0 inflight=- started=- reset=0 publish=1
begin num_active=1
in connect pub=1 pinned=1
force kind=start session=1
snap roles=1:X synced=0 tracked=0 inflight=1 started=1 reset=0 publish=0
in connect pub=2 pinned=1
force kind=start session=2
snap roles=1:X,2:X synced=0 tracked=0 inflight=1,2 started=2 reset=0 publish=0
in outcome session=1 attempt=1 kind=1
snap roles=1:X,2:X synced=0 tracked=0 inflight=2 started=- reset=0 publish=0
in outcome session=2 attempt=2 kind=2
snap roles=1:X,2:X synced=0 tracked=0 inflight=- started=- reset=0 publish=0
in hist_tick
force kind=start session=1
force kind=start session=2
snap roles=1:X,2:X synced=0 tracked=0 inflight=1,2 started=3,4 reset=0 publish=0
in outcome session=1 attempt=3 kind=0
snap roles=1:X,2:X synced=1 tracked=0 inflight=2 started=- reset=0 publish=1
in outcome session=2 attempt=4 kind=0
snap roles=1:X,2:X synced=1 tracked=0 inflight=- started=- reset=0 publish=0
begin num_active=0
in connect pub=1 pinned=1
force kind=start session=1
snap roles=1:X synced=0 tracked=0 inflight=1 started=1 reset=0 publish=0
in connect pub=2 pinned=1
force kind=start session=2
snap roles=1:X,2:X synced=0 tracked=0 inflight=1,2 started=2 reset=0 publish=0
in outcome session=1 attempt=1 kind=1
snap roles=1:X,2:X synced=0 tracked=0 inflight=2 started=- reset=0 publish=0
in outcome session=2 attempt=2 kind=2
snap roles=1:X,2:X synced=0 tracked=0 inflight=- started=- reset=0 publish=0
in hist_tick
force kind=start session=1
force kind=start session=2
snap roles=1:X,2:X synced=0 tracked=0 inflight=1,2 started=3,4 reset=0 publish=0
in outcome session=2 attempt=4 kind=0
snap roles=1:X,2:X synced=1 tracked=0 inflight=1 started=- reset=0 publish=1
in outcome session=1 attempt=3 kind=0
snap roles=1:X,2:X synced=1 tracked=0 inflight=- started=- reset=0 publish=0
begin num_active=1
in connect pub=1 pinned=1
force kind=start session=1
snap roles=1:X synced=0 tracked=0 inflight=1 started=1 reset=0 publish=0
in outcome session=1 attempt=1 kind=2
snap roles=1:X synced=0 tracked=0 inflight=- started=- reset=0 publish=0
in hist_tick
force kind=start session=1
snap roles=1:X synced=0 tracked=0 inflight=1 started=2 reset=0 publish=0
in outcome session=1 attempt=2 kind=0
snap roles=1:X synced=1 tracked=0 inflight=- started=- reset=0 publish=1
begin num_active=1
in connect pub=1 pinned=1
force kind=start session=1
snap roles=1:X synced=0 tracked=0 inflight=1 started=1 reset=0 publish=0
in connect pub=2 pinned=1
force kind=start session=2
snap roles=1:X,2:X synced=0 tracked=0 inflight=1,2 started=2 reset=0 publish=0
in outcome session=1 attempt=1 kind=1
snap roles=1:X,2:X synced=0 tracked=0 inflight=2 started=- reset=0 publish=0
in outcome session=2 attempt=2 kind=1
snap roles=1:X,2:X synced=0 tracked=0 inflight=- started=- reset=0 publish=0
in hist_tick
force kind=start session=1
force kind=start session=2
snap roles=1:X,2:X synced=0 tracked=0 inflight=1,2 started=3,4 reset=0 publish=0
in outcome session=1 attempt=3 kind=0
snap roles=1:X,2:X synced=1 tracked=0 inflight=2 started=- reset=0 publish=1
in outcome session=2 attempt=4 kind=0
snap roles=1:X,2:X synced=1 tracked=0 inflight=- started=- reset=0 publish=0
begin num_active=1
in connect pub=1 pinned=1
force kind=start session=1
snap roles=1:X synced=0 tracked=0 inflight=1 started=1 reset=0 publish=0
in connect pub=2 pinned=1
force kind=start session=2
snap roles=1:X,2:X synced=0 tracked=0 inflight=1,2 started=2 reset=0 publish=0
in outcome session=1 attempt=1 kind=0
snap roles=1:X,2:X synced=1 tracked=0 inflight=2 started=- reset=0 publish=1
in outcome session=2 attempt=2 kind=0
snap roles=1:X,2:X synced=1 tracked=0 inflight=- started=- reset=0 publish=0
begin num_active=0
in connect pub=1 pinned=1
force kind=start session=1
snap roles=1:X synced=0 tracked=0 inflight=1 started=1 reset=0 publish=0
in connect pub=2 pinned=1
force kind=start session=2
snap roles=1:X,2:X synced=0 tracked=0 inflight=1,2 started=2 reset=0 publish=0
in outcome session=1 attempt=1 kind=2
snap roles=1:X,2:X synced=0 tracked=0 inflight=2 started=- reset=0 publish=0
in outcome session=2 attempt=2 kind=2
snap roles=1:X,2:X synced=0 tracked=0 inflight=- started=- reset=0 publish=0
in hist_tick
force kind=start session=1
force kind=start session=2
snap roles=1:X,2:X synced=0 tracked=0 inflight=1,2 started=3,4 reset=0 publish=0
in outcome session=1 attempt=3 kind=0
snap roles=1:X,2:X synced=1 tracked=0 inflight=2 started=- reset=0 publish=1
in outcome session=2 attempt=4 kind=0
snap roles=1:X,2:X synced=1 tracked=0 inflight=- started=- reset=0 publish=0
begin num_active=0
in connect pub=1 pinned=1
force kind=start session=1
snap roles=1:X synced=0 tracked=0 inflight=1 started=1 reset=0 publish=0
in connect pub=2 pinned=1
force kind=start session=2
snap roles=1:X,2:X synced=0 tracked=0 inflight=1,2 started=2 reset=0 publish=0
in outcome session=1 attempt=1 kind=2
snap roles=1:X,2:X synced=0 tracked=0 inflight=2 started=- reset=0 publish=0
in outcome session=2 attempt=2 kind=2
snap roles=1:X,2:X synced=0 tracked=0 inflight=- started=- reset=0 publish=0
in hist_tick
force kind=start session=1
force kind=start session=2
snap roles=1:X,2:X synced=0 tracked=0 inflight=1,2 started=3,4 reset=0 publish=0
in outcome session=1 attempt=3 kind=0
snap roles=1:X,2:X synced=1 tracked=0 inflight=2 started=- reset=0 publish=1
in outcome session=2 attempt=4 kind=0
snap roles=1:X,2:X synced=1 tracked=0 inflight=- started=- reset=0 publish=0
begin num_active=1
in connect pub=1 pinned=1
force kind=start session=1
snap roles=1:X synced=0 tracked=0 inflight=1 started=1 reset=0 publish=0
in outcome session=1 attempt=1 kind=2
snap roles=1:X synced=0 tracked=0 inflight=- started=- reset=0 publish=0
in hist_tick
force kind=start session=1
snap roles=1:X synced=0 tracked=0 inflight=1 started=2 reset=0 publish=0
in outcome session=1 attempt=2 kind=0
snap roles=1:X synced=1 tracked=0 inflight=- started=- reset=0 publish=1
begin num_active=1
in connect pub=1 pinned=1
force kind=start session=1
snap roles=1:X synced=0 tracked=0 inflight=1 started=1 reset=0 publish=0
in connect pub=2 pinned=1
force kind=start session=2
snap roles=1:X,2:X synced=0 tracked=0 inflight=1,2 started=2 reset=0 publish=0
in outcome session=1 attempt=1 kind=1
snap roles=1:X,2:X synced=0 tracked=0 inflight=2 started=- reset=0 publish=0
in outcome session=2 attempt=2 kind=0
snap roles=1:X,2:X synced=1 tracked=0 inflight=- started=- reset=0 publish=1
begin num_active=1
in connect pub=1 pinned=1
force kind=start session=1
snap roles=1:X synced=0 tracked=0 inflight=1 started=1 reset=0 publish=0
in connect pub=2 pinned=1
force kind=start session=2
snap roles=1:X,2:X synced=0 tracked=0 inflight=1,2 started=2 reset=0 publish=0
in outcome session=1 attempt=1 kind=2
snap roles=1:X,2:X synced=0 tracked=0 inflight=2 started=- reset=0 publish=0
in outcome session=2 attempt=2 kind=1
snap roles=1:X,2:X synced=0 tracked=0 inflight=- started=- reset=0 publish=0
in hist_tick
force kind=start session=1
force kind=start session=2
snap roles=1:X,2:X synced=0 tracked=0 inflight=1,2 started=3,4 reset=0 publish=0
in outcome session=1 attempt=3 kind=0
snap roles=1:X,2:X synced=1 tracked=0 inflight=2 started=- reset=0 publish=1
in outcome session=2 attempt=4 kind=0
snap roles=1:X,2:X synced=1 tracked=0 inflight=- started=- reset=0 publish=0
begin num_active=0
in connect pub=1 pinned=1
force kind=start session=1
snap roles=1:X synced=0 tracked=0 inflight=1 started=1 reset=0 publish=0
in connect pub=2 pinned=1
force kind=start session=2
snap roles=1:X,2:X synced=0 tracked=0 inflight=1,2 started=2 reset=0 publish=0
in outcome session=1 attempt=1 kind=2
snap roles=1:X,2:X synced=0 tracked=0 inflight=2 started=- reset=0 publish=0
in outcome session=2 attempt=2 kind=2
snap roles=1:X,2:X synced=0 tracked=0 inflight=- started=- reset=0 publish=0
in hist_tick
force kind=start session=1
force kind=start session=2
snap roles=1:X,2:X synced=0 tracked=0 inflight=1,2 started=3,4 reset=0 publish=0
in outcome session=1 attempt=3 kind=0
snap roles=1:X,2:X synced=1 tracked=0 inflight=2 started=- reset=0 publish=1
in outcome session=2 attempt=4 kind=0
snap roles=1:X,2:X synced=1 tracked=0 inflight=- started=- reset=0 publish=0
begin num_active=1
in connect pub=1 pinned=1
force kind=start session=1
snap roles=1:X synced=0 tracked=0 inflight=1 started=1 reset=0 publish=0
in outcome session=1 attempt=1 kind=0
snap roles=1:X synced=1 tracked=0 inflight=- started=- reset=0 publish=1
begin num_active=1
in connect pub=1 pinned=1
force kind=start session=1
snap roles=1:X synced=0 tracked=0 inflight=1 started=1 reset=0 publish=0
in outcome session=1 attempt=1 kind=2
snap roles=1:X synced=0 tracked=0 inflight=- started=- reset=0 publish=0
in hist_tick
force kind=start session=1
snap roles=1:X synced=0 tracked=0 inflight=1 started=2 reset=0 publish=0
in outcome session=1 attempt=2 kind=0
snap roles=1:X synced=1 tracked=0 inflight=- started=- reset=0 publish=1
begin num_active=0
in connect pub=1 pinned=1
force kind=start session=1
snap roles=1:X synced=0 tracked=0 inflight=1 started=1 reset=0 publish=0
in connect pub=2 pinned=1
force kind=start session=2
snap roles=1:X,2:X synced=0 tracked=0 inflight=1,2 started=2 reset=0 publish=0
in outcome session=1 attempt=1 kind=0
snap roles=1:X,2:X synced=1 tracked=0 inflight=2 started=- reset=0 publish=1
in outcome session=2 attempt=2 kind=2
snap roles=1:X,2:X synced=1 tracked=0 inflight=- started=- reset=0 publish=0
begin num_active=1
in connect pub=1 pinned=1
force kind=start session=1
snap roles=1:X synced=0 tracked=0 inflight=1 started=1 reset=0 publish=0
in connect pub=2 pinned=1
force kind=start session=2
snap roles=1:X,2:X synced=0 tracked=0 inflight=1,2 started=2 reset=0 publish=0
in outcome session=1 attempt=1 kind=2
snap roles=1:X,2:X synced=0 tracked=0 inflight=2 started=- reset=0 publish=0
in outcome session=2 attempt=2 kind=1
snap roles=1:X,2:X synced=0 tracked=0 inflight=- started=- reset=0 publish=0
in hist_tick
force kind=start session=1
force kind=start session=2
snap roles=1:X,2:X synced=0 tracked=0 inflight=1,2 started=3,4 reset=0 publish=0
in outcome session=2 attempt=4 kind=0
snap roles=1:X,2:X synced=1 tracked=0 inflight=1 started=- reset=0 publish=1
in outcome session=1 attempt=3 kind=0
snap roles=1:X,2:X synced=1 tracked=0 inflight=- started=- reset=0 publish=0
